Component: ARM Compiler 5.06 update 4 (build 422) Tool: armlink [4d35d2]

==============================================================================

Section Cross References

    startup_armcm0plus.o(STACK) refers (Special) to heapauxi.o(.text) for __use_two_region_memory
    startup_armcm0plus.o(HEAP) refers (Special) to heapauxi.o(.text) for __use_two_region_memory
    startup_armcm0plus.o(RESET) refers (Special) to heapauxi.o(.text) for __use_two_region_memory
    startup_armcm0plus.o(RESET) refers to startup_armcm0plus.o(STACK) for __initial_sp
    startup_armcm0plus.o(RESET) refers to startup_armcm0plus.o(.text) for Reset_Handler
    startup_armcm0plus.o(.text) refers (Special) to heapauxi.o(.text) for __use_two_region_memory
    startup_armcm0plus.o(.text) refers to system_armcm0plus.o(i.SystemInit) for SystemInit
    startup_armcm0plus.o(.text) refers to lab1.o(.text) for __main
    startup_armcm0plus.o(.text) refers to startup_armcm0plus.o(HEAP) for Heap_Mem
    startup_armcm0plus.o(.text) refers to startup_armcm0plus.o(STACK) for Stack_Mem
    system_armcm0plus.o(i.SystemCoreClockUpdate) refers to system_armcm0plus.o(.data) for SystemCoreClock
    system_armcm0plus.o(i.SystemInit) refers to system_armcm0plus.o(.data) for SystemCoreClock


==============================================================================

Removing Unused input sections from the image.

    Removing system_armcm0plus.o(.rev16_text), (4 bytes).
    Removing system_armcm0plus.o(.revsh_text), (4 bytes).
    Removing system_armcm0plus.o(i.SystemCoreClockUpdate), (16 bytes).

3 unused section(s) (total 24 bytes) removed from the image.

==============================================================================

Image Symbol Table

    Local Symbols

    Symbol Name                              Value     Ov Type        Size  Object(Section)

    RESET                                    0x00000000   Section      192  startup_armcm0plus.o(RESET)
    ../clib/heapaux.c                        0x00000000   Number         0  heapauxi.o ABSOLUTE
    Lab1.s                                   0x00000000   Number         0  lab1.o ABSOLUTE
    RTE\Device\ARMCM0P\startup_ARMCM0plus.s  0x00000000   Number         0  startup_armcm0plus.o ABSOLUTE
    RTE\Device\ARMCM0P\system_ARMCM0plus.c   0x00000000   Number         0  system_armcm0plus.o ABSOLUTE
    RTE\\Device\\ARMCM0P\\system_ARMCM0plus.c 0x00000000   Number         0  system_armcm0plus.o ABSOLUTE
    dc.s                                     0x00000000   Number         0  dc.o ABSOLUTE
    .text                                    0x000000c0   Section        8  lab1.o(.text)
    .text                                    0x000000c8   Section       56  startup_armcm0plus.o(.text)
    .text                                    0x00000100   Section        0  heapauxi.o(.text)
    i.SystemInit                             0x00000108   Section        0  system_armcm0plus.o(i.SystemInit)
    .data                                    0x20000000   Section        4  system_armcm0plus.o(.data)
    HEAP                                     0x20000008   Section     3072  startup_armcm0plus.o(HEAP)
    Heap_Mem                                 0x20000008   Data        3072  startup_armcm0plus.o(HEAP)
    STACK                                    0x20000c08   Section     1024  startup_armcm0plus.o(STACK)
    Stack_Mem                                0x20000c08   Data        1024  startup_armcm0plus.o(STACK)
    __initial_sp                             0x20001008   Data           0  startup_armcm0plus.o(STACK)

    Global Symbols

    Symbol Name                              Value     Ov Type        Size  Object(Section)

    BuildAttributes$$THM_ISAv3M$S$PE$A:L22$X:L11$S22$IEEE1$IW$USESV6$~STKCKD$USESV7$~SHL$OSPACE$ROPI$EBA8$STANDARDLIB$REQ8$PRES8$EABIv2 0x00000000   Number         0  anon$$obj.o ABSOLUTE
    __Vectors                                0x00000000   Data           4  startup_armcm0plus.o(RESET)
    __Vectors_End                            0x000000c0   Data           0  startup_armcm0plus.o(RESET)
    __Vectors_Size                           0x000000c0   Number         0  startup_armcm0plus.o ABSOLUTE
    __main                                   0x000000c1   Thumb Code     0  lab1.o(.text)
    Reset_Handler                            0x000000c9   Thumb Code     8  startup_armcm0plus.o(.text)
    NMI_Handler                              0x000000d1   Thumb Code     2  startup_armcm0plus.o(.text)
    HardFault_Handler                        0x000000d3   Thumb Code     2  startup_armcm0plus.o(.text)
    SVC_Handler                              0x000000d5   Thumb Code     2  startup_armcm0plus.o(.text)
    PendSV_Handler                           0x000000d7   Thumb Code     2  startup_armcm0plus.o(.text)
    SysTick_Handler                          0x000000d9   Thumb Code     2  startup_armcm0plus.o(.text)
    AACI_IRQHandler                          0x000000db   Thumb Code     0  startup_armcm0plus.o(.text)
    CAN_IRQHandler                           0x000000db   Thumb Code     0  startup_armcm0plus.o(.text)
    CHLCD_IRQHandler                         0x000000db   Thumb Code     0  startup_armcm0plus.o(.text)
    CLCD_IRQHandler                          0x000000db   Thumb Code     0  startup_armcm0plus.o(.text)
    CPU_CLCD_IRQHandler                      0x000000db   Thumb Code     0  startup_armcm0plus.o(.text)
    ENET_IRQHandler                          0x000000db   Thumb Code     0  startup_armcm0plus.o(.text)
    FLEXRAY_IRQHandler                       0x000000db   Thumb Code     0  startup_armcm0plus.o(.text)
    I2C_IRQHandler                           0x000000db   Thumb Code     0  startup_armcm0plus.o(.text)
    LIN_IRQHandler                           0x000000db   Thumb Code     0  startup_armcm0plus.o(.text)
    MCIA_IRQHandler                          0x000000db   Thumb Code     0  startup_armcm0plus.o(.text)
    MCIB_IRQHandler                          0x000000db   Thumb Code     0  startup_armcm0plus.o(.text)
    RTC_IRQHandler                           0x000000db   Thumb Code     0  startup_armcm0plus.o(.text)
    SPI_IRQHandler                           0x000000db   Thumb Code     0  startup_armcm0plus.o(.text)
    TIM0_IRQHandler                          0x000000db   Thumb Code     0  startup_armcm0plus.o(.text)
    TIM2_IRQHandler                          0x000000db   Thumb Code     0  startup_armcm0plus.o(.text)
    UART0_IRQHandler                         0x000000db   Thumb Code     0  startup_armcm0plus.o(.text)
    UART1_IRQHandler                         0x000000db   Thumb Code     0  startup_armcm0plus.o(.text)
    UART2_IRQHandler                         0x000000db   Thumb Code     0  startup_armcm0plus.o(.text)
    UART3_IRQHandler                         0x000000db   Thumb Code     0  startup_armcm0plus.o(.text)
    UART4_IRQHandler                         0x000000db   Thumb Code     0  startup_armcm0plus.o(.text)
    USBDC_IRQHandler                         0x000000db   Thumb Code     0  startup_armcm0plus.o(.text)
    USBHC_IRQHandler                         0x000000db   Thumb Code     0  startup_armcm0plus.o(.text)
    WDT_IRQHandler                           0x000000db   Thumb Code     0  startup_armcm0plus.o(.text)
    __user_initial_stackheap                 0x000000dd   Thumb Code    10  startup_armcm0plus.o(.text)
    __use_two_region_memory                  0x00000101   Thumb Code     2  heapauxi.o(.text)
    __rt_heap_escrow$2region                 0x00000103   Thumb Code     2  heapauxi.o(.text)
    __rt_heap_expand$2region                 0x00000105   Thumb Code     2  heapauxi.o(.text)
    SystemInit                               0x00000109   Thumb Code     8  system_armcm0plus.o(i.SystemInit)
    SystemCoreClock                          0x20000000   Data           4  system_armcm0plus.o(.data)



==============================================================================

Memory Map of the image

  Image Entry point : 0x000000c9

  Load Region LR_1 (Base: 0x00000000, Size: 0x0000011c, Max: 0xffffffff, ABSOLUTE)

    Execution Region ER_RO (Base: 0x00000000, Size: 0x00000118, Max: 0xffffffff, ABSOLUTE)

    Base Addr    Size         Type   Attr      Idx    E Section Name        Object

    0x00000000   0x000000c0   Data   RO            8    RESET               startup_armcm0plus.o
    0x000000c0   0x00000008   Code   RO            1    .text               lab1.o
    0x000000c8   0x00000038   Code   RO            9  * .text               startup_armcm0plus.o
    0x00000100   0x00000006   Code   RO           63    .text               c_p.l(heapauxi.o)
    0x00000106   0x00000002   PAD
    0x00000108   0x00000010   Code   RO           16    i.SystemInit        system_armcm0plus.o


    Execution Region ER_RW (Base: 0x20000000, Size: 0x00000004, Max: 0xffffffff, ABSOLUTE)

    Base Addr    Size         Type   Attr      Idx    E Section Name        Object

    0x20000000   0x00000004   Data   RW           17    .data               system_armcm0plus.o


    Execution Region ER_ZI (Base: 0x20000004, Size: 0x00001004, Max: 0xffffffff, ABSOLUTE)

    Base Addr    Size         Type   Attr      Idx    E Section Name        Object

    0x20000004   0x00000004   PAD
    0x20000008   0x00000c00   Zero   RW            7    HEAP                startup_armcm0plus.o
    0x20000c08   0x00000400   Zero   RW            6    STACK               startup_armcm0plus.o


==============================================================================

Image component sizes


      Code (inc. data)   RO Data    RW Data    ZI Data      Debug   Object Name

         8          0          0          0          0        212   lab1.o
        56         26        192          0       4096        648   startup_armcm0plus.o
        16          8          0          4          0       5119   system_armcm0plus.o

    ----------------------------------------------------------------------
        80         34        192          4       4100       5979   Object Totals
         0          0          0          0          0          0   (incl. Generated)
         0          0          0          0          4          0   (incl. Padding)

    ----------------------------------------------------------------------

      Code (inc. data)   RO Data    RW Data    ZI Data      Debug   Library Member Name

         6          0          0          0          0        136   heapauxi.o

    ----------------------------------------------------------------------
         8          0          0          0          0        136   Library Totals
         2          0          0          0          0          0   (incl. Padding)

    ----------------------------------------------------------------------

      Code (inc. data)   RO Data    RW Data    ZI Data      Debug   Library Name

         6          0          0          0          0        136   c_p.l

    ----------------------------------------------------------------------
         8          0          0          0          0        136   Library Totals

    ----------------------------------------------------------------------

==============================================================================


      Code (inc. data)   RO Data    RW Data    ZI Data      Debug   

        88         34        192          4       4100       6115   Grand Totals
        88         34        192          4       4100       6115   ELF Image Totals
        88         34        192          4          0          0   ROM Totals

==============================================================================

    Total RO  Size (Code + RO Data)                  280 (   0.27kB)
    Total RW  Size (RW Data + ZI Data)              4104 (   4.01kB)
    Total ROM Size (Code + RO Data + RW Data)        284 (   0.28kB)

==============================================================================

